#
# A fatal error has been detected by the Java Runtime Environment:
#
#  EXCEPTION_ACCESS_VIOLATION (0xc0000005) at pc=0x00007ffb41eb8427, pid=21780, tid=15896
#
# JRE version: OpenJDK Runtime Environment Corretto-21.0.7.6.1 (21.0.7+6) (build 21.0.7+6-LTS)
# Java VM: OpenJDK 64-Bit Server VM Corretto-21.0.7.6.1 (21.0.7+6-LTS, mixed mode, emulated-client, sharing, tiered, compressed oops, compressed class ptrs, g1 gc, windows-amd64)
# Problematic frame:
# C  [glass.dll+0x28427]
#
# No core dump will be written. Minidumps are not enabled by default on client versions of Windows
#
# If you would like to submit a bug report, please visit:
#   https://github.com/corretto/corretto-21/issues/
#

---------------  S U M M A R Y ------------

Command Line: -XX:TieredStopAtLevel=1 -Dspring.output.ansi.enabled=always -Dcom.sun.management.jmxremote -Dspring.jmx.enabled=true -Dspring.liveBeansView.mbeanDomain -Dspring.application.admin.enabled=true -Dmanagement.endpoints.jmx.exposure.include=* -javaagent:C:\Program Files\JetBrains\IntelliJ IDEA 2024.3.5\lib\idea_rt.jar=52821 -Dfile.encoding=UTF-8 -Dsun.stdout.encoding=UTF-8 -Dsun.stderr.encoding=UTF-8 cash_flow.Main

Host: AMD Ryzen 5 PRO 5650U with Radeon Graphics     , 12 cores, 14G,  Windows 11 , 64 bit Build 26100 (10.0.26100.4484)
Time: Tue Jul 22 22:24:46 2025 Nyugat-európai nyári idild 26100 (10.0.26100.4484) elapsed time: 15.475526 seconds (0d 0h 0m 15s)

---------------  T H R E A D  ---------------

Current thread (0x0000026f0f976870):  VMThread "VM Thread"          [id=15896, stack(0x000000cd1f500000,0x000000cd1f600000) (1024K)]

Stack: [0x000000cd1f500000,0x000000cd1f600000],  sp=0x000000cd1f5feff0,  free space=1019k
Native frames: (J=compiled Java code, j=interpreted, Vv=VM code, C=native code)
C  [glass.dll+0x28427]


siginfo: EXCEPTION_ACCESS_VIOLATION (0xc0000005), reading address 0x0000000000000000


Registers:
RAX=0x0000000000000000, RBX=0x0000026f0f982db2, RCX=0x0000026f0f976870, RDX=0x000000cd1f5feff0
RSP=0x000000cd1f5feff0, RBP=0x0000bdf6a2510438, RSI=0x0000026f55fbfb68, RDI=0x0000026f55fbfb40
R8 =0x0000000000010002, R9 =0x0000bdf6a2510438, R10=0x0000026f7a3c0000, R11=0x000000cd1f5feea0
R12=0x0000000000000001, R13=0x00007ffb41eb5d30, R14=0x000000cd1f5ff0f8, R15=0x0000026f55fbfb40
RIP=0x00007ffb41eb8427, EFLAGS=0x0000000000010206

XMM[0]=0x0000000000000000 0x0000000000000000
XMM[1]=0x0000000000000000 0x000000cd1f5fdc50
XMM[2]=0x0000000000000000 0x0000000000000000
XMM[3]=0x0000000000000000 0x0000000000000000
XMM[4]=0x0000000000000000 0x0000000000000000
XMM[5]=0x0000000000000000 0x0000000000000000
XMM[6]=0x0000000000000000 0x0000000000000000
XMM[7]=0x0000000000000000 0x404e000000000000
XMM[8]=0x0000000000000000 0x0000000000000000
XMM[9]=0x0000000000000000 0x0000000000000000
XMM[10]=0x0000000000000000 0x0000000000000000
XMM[11]=0x0000000000000000 0x0000000000000000
XMM[12]=0x0000000000000000 0x0000000000000000
XMM[13]=0x0000000000000000 0x0000000000000000
XMM[14]=0x0000000000000000 0x0000000000000000
XMM[15]=0x0000000000000000 0x0000000000000000
  MXCSR=0x00001fa2


Register to memory mapping:

RAX=0x0 is null
RBX=0x0000026f0f982db2 is a global jni handle
RCX=0x0000026f0f976870 points into unknown readable memory: 0x00007ffb05044da0 | a0 4d 04 05 fb 7f 00 00
RDX=0x000000cd1f5feff0 points into unknown readable memory: 0x0000000000000000 | 00 00 00 00 00 00 00 00
RSP=0x000000cd1f5feff0 points into unknown readable memory: 0x0000000000000000 | 00 00 00 00 00 00 00 00
RBP=0x0000bdf6a2510438 is an unknown value
RSI=0x0000026f55fbfb68 points into unknown readable memory: 0x0000bdf6a2510438 | 38 04 51 a2 f6 bd 00 00
RDI=0x0000026f55fbfb40 points into unknown readable memory: 0x4800bd895910ef60 | 60 ef 10 59 89 bd 00 48
R8 =0x0000000000010002 is an unknown value
R9 =0x0000bdf6a2510438 is an unknown value
R10=0x0000026f7a3c0000 points into unknown readable memory: 0x0000000000000000 | 00 00 00 00 00 00 00 00
R11=0x000000cd1f5feea0 points into unknown readable memory: 0x0000000000000000 | 00 00 00 00 00 00 00 00
R12=0x0000000000000001 is an unknown value
R13=0x00007ffb41eb5d30 glass.dll
R14=0x000000cd1f5ff0f8 points into unknown readable memory: 0x000000cd1f5ff0e0 | e0 f0 5f 1f cd 00 00 00
R15=0x0000026f55fbfb40 points into unknown readable memory: 0x4800bd895910ef60 | 60 ef 10 59 89 bd 00 48

Top of Stack: (sp=0x000000cd1f5feff0)
0x000000cd1f5feff0:   0000000000000000 0000026f00000000
0x000000cd1f5ff000:   0000026f56025da0 0000000000000001
0x000000cd1f5ff010:   0000026f55fbfb48 00007ffb6063bc75
0x000000cd1f5ff020:   0000026f55fbfb40 0000026f00000000
0x000000cd1f5ff030:   0000026f55fbfb60 0000bdf6a2510438
0x000000cd1f5ff040:   fffffffffffffffe 000000cd1f5ff0c8
0x000000cd1f5ff050:   00007ffb41e90000 00007ffb41e90000
0x000000cd1f5ff060:   000000cd1f5ff0e8 00007ffb6063b897
0x000000cd1f5ff070:   000000cd1f5ff000 000000cd1f5ff0f8
0x000000cd1f5ff080:   000000cd1f5ff3b0 00007ffb607288c0
0x000000cd1f5ff090:   0000000000000001 00007ffb6063b84d
0x000000cd1f5ff0a0:   0000000000000000 0000000000000001
0x000000cd1f5ff0b0:   0000000000000001 000000cd1f5ff0e8
0x000000cd1f5ff0c0:   fffffffffffffffe 000000007ffe0385
0x000000cd1f5ff0d0:   0000000000000000 00007ffb41eb5bbd
0x000000cd1f5ff0e0:   00007ffb41ecd078 00007ffb00000002
0x000000cd1f5ff0f0:   00007ffb00000002 000000cd1f5ff0e0
0x000000cd1f5ff100:   0000000000000000 00007ffb6351311f
0x000000cd1f5ff110:   0000000000000000 00007ffb41eb5ce2
0x000000cd1f5ff120:   0000000000000001 0000000000000000
0x000000cd1f5ff130:   0000000000000000 0000000000000000
0x000000cd1f5ff140:   0000000000000000 0000000000000000
0x000000cd1f5ff150:   0000000000000001 0000000000000000
0x000000cd1f5ff160:   0000000000000000 000000007ffe0384
0x000000cd1f5ff170:   0000026f55eba4a0 00007ffb635129e1
0x000000cd1f5ff180:   00007ffb41e90000 0000026f00000000
0x000000cd1f5ff190:   0000000000000001 000000007ffe0385
0x000000cd1f5ff1a0:   0000000000000000 0000000000000000
0x000000cd1f5ff1b0:   0000000000000000 0000000000000000
0x000000cd1f5ff1c0:   00007ffb41eb5d30 0000000000000000
0x000000cd1f5ff1d0:   0000000000000001 0000000000000000
0x000000cd1f5ff1e0:   000000cd1e818000 00007ffb634ddc2f 

Instructions: (pc=0x00007ffb41eb8427)
0x00007ffb41eb8327:   8b 4d 58 e8 49 cf ff ff 48 8b 4d 60 e8 40 cf ff
0x00007ffb41eb8337:   ff 48 8b 95 80 00 00 00 48 8b 8d 18 01 00 00 e8
0x00007ffb41eb8347:   26 c5 ff ff 33 d2 33 c9 e8 8c e1 ff ff 90 48 89
0x00007ffb41eb8357:   54 24 10 55 48 83 ec 20 48 8b ea 48 b8 00 00 00
0x00007ffb41eb8367:   00 00 00 00 00 48 83 c4 20 5d c3 cc 40 55 48 8b
0x00007ffb41eb8377:   ea 48 8b 01 33 c9 81 38 05 00 00 c0 0f 94 c1 8b
0x00007ffb41eb8387:   c1 5d c3 cc 40 55 48 83 ec 20 48 8b ea 8a 4d 40
0x00007ffb41eb8397:   48 83 c4 20 5d e9 33 d3 ff ff cc 40 55 48 83 ec
0x00007ffb41eb83a7:   20 48 8b ea 8a 4d 20 e8 21 d3 ff ff 90 48 83 c4
0x00007ffb41eb83b7:   20 5d c3 cc 40 55 48 83 ec 20 48 8b ea 48 83 c4
0x00007ffb41eb83c7:   20 5d e9 82 d1 ff ff cc 40 55 48 83 ec 30 48 8b
0x00007ffb41eb83d7:   ea 48 8b 01 8b 10 48 89 4c 24 28 89 54 24 20 4c
0x00007ffb41eb83e7:   8d 0d 23 d6 ff ff 4c 8b 45 70 8b 55 68 48 8b 4d
0x00007ffb41eb83f7:   60 e8 c3 d0 ff ff 90 48 83 c4 30 5d c3 cc cc cc
0x00007ffb41eb8407:   cc cc cc cc cc cc cc cc cc 40 53 48 83 ec 20 48
0x00007ffb41eb8417:   8b 1d 1b 46 01 00 48 85 db 74 16 e8 59 90 ff ff
0x00007ffb41eb8427:   4c 8b 00 48 8b d3 48 8b c8 41 ff 90 b0 00 00 00
0x00007ffb41eb8437:   90 48 83 c4 20 5b c3 cc cc 40 53 48 83 ec 20 48
0x00007ffb41eb8447:   8b 1d 5b 47 01 00 48 85 db 74 57 b8 ff ff ff ff
0x00007ffb41eb8457:   f0 0f c1 43 10 83 f8 01 75 3d 48 85 db 74 38 48
0x00007ffb41eb8467:   8b 0b 48 85 c9 74 0d ff 15 3c 0e 00 00 48 c7 03
0x00007ffb41eb8477:   00 00 00 00 48 8b 4b 08 48 85 c9 74 0d e8 ef cd
0x00007ffb41eb8487:   ff ff 48 c7 43 08 00 00 00 00 ba 18 00 00 00 48
0x00007ffb41eb8497:   8b cb e8 da cd ff ff 48 c7 05 ff 46 01 00 00 00
0x00007ffb41eb84a7:   00 00 48 83 c4 20 5b c3 cc 40 53 48 83 ec 20 48
0x00007ffb41eb84b7:   8b 1d cb 46 01 00 48 85 db 74 57 b8 ff ff ff ff
0x00007ffb41eb84c7:   f0 0f c1 43 10 83 f8 01 75 3d 48 85 db 74 38 48
0x00007ffb41eb84d7:   8b 0b 48 85 c9 74 0d ff 15 cc 0d 00 00 48 c7 03
0x00007ffb41eb84e7:   00 00 00 00 48 8b 4b 08 48 85 c9 74 0d e8 7f cd
0x00007ffb41eb84f7:   ff ff 48 c7 43 08 00 00 00 00 ba 18 00 00 00 48
0x00007ffb41eb8507:   8b cb e8 6a cd ff ff 48 c7 05 6f 46 01 00 00 00
0x00007ffb41eb8517:   00 00 48 83 c4 20 5b c3 cc 40 53 48 83 ec 20 48 


Stack slot to memory mapping:

stack at sp + 0 slots: 0x0 is null
stack at sp + 1 slots: 0x0000026f00000000 points into unknown readable memory: 0x00010000cafedada | da da fe ca 00 00 01 00
stack at sp + 2 slots: 0x0000026f56025da0 points into unknown readable memory: 0x0000026f56025e00 | 00 5e 02 56 6f 02 00 00
stack at sp + 3 slots: 0x0000000000000001 is an unknown value
stack at sp + 4 slots: 0x0000026f55fbfb48 points into unknown readable memory: 0x0000bdf6a2510438 | 38 04 51 a2 f6 bd 00 00
stack at sp + 5 slots: 0x00007ffb6063bc75 ucrtbase.dll
stack at sp + 6 slots: 0x0000026f55fbfb40 points into unknown readable memory: 0x4800bd895910ef60 | 60 ef 10 59 89 bd 00 48
stack at sp + 7 slots: 0x0000026f00000000 points into unknown readable memory: 0x00010000cafedada | da da fe ca 00 00 01 00

VM_Operation (0x000000cd1fffed90): Exit, mode: safepoint, requested by thread 0x0000026f5b4b2410


---------------  P R O C E S S  ---------------

Threads class SMR info:
_java_thread_list=0x0000026f5519faf0, length=24, elements={
0x0000026f7c8666e0, 0x0000026f0f98dd70, 0x0000026f0f98f330, 0x0000026f0f994dc0,
0x0000026f0f995810, 0x0000026f0f99be50, 0x0000026f0f99f050, 0x0000026f0f9aac40,
0x0000026f0f964290, 0x0000026f0faaba60, 0x0000026f55186170, 0x0000026f55186c90,
0x0000026f553dafe0, 0x0000026f553f15d0, 0x0000026f553f1c30, 0x0000026f55476470,
0x0000026f55478b20, 0x0000026f561c9570, 0x0000026f55f768b0, 0x0000026f55f76f40,
0x0000026f55f78980, 0x0000026f5b4adbe0, 0x0000026f5b4ae270, 0x0000026f5b4b2410
}

Java Threads: ( => current thread )
  0x0000026f7c8666e0 JavaThread "main"                              [_thread_blocked, id=19664, stack(0x000000cd1ee00000,0x000000cd1ef00000) (1024K)]
  0x0000026f0f98dd70 JavaThread "Reference Handler"          daemon [_thread_blocked, id=15132, stack(0x000000cd1f600000,0x000000cd1f700000) (1024K)]
  0x0000026f0f98f330 JavaThread "Finalizer"                  daemon [_thread_blocked, id=15668, stack(0x000000cd1f700000,0x000000cd1f800000) (1024K)]
  0x0000026f0f994dc0 JavaThread "Signal Dispatcher"          daemon [_thread_blocked, id=16860, stack(0x000000cd1f800000,0x000000cd1f900000) (1024K)]
  0x0000026f0f995810 JavaThread "Attach Listener"            daemon [_thread_blocked, id=8168, stack(0x000000cd1f900000,0x000000cd1fa00000) (1024K)]
  0x0000026f0f99be50 JavaThread "Service Thread"             daemon [_thread_blocked, id=2768, stack(0x000000cd1fa00000,0x000000cd1fb00000) (1024K)]
  0x0000026f0f99f050 JavaThread "Monitor Deflation Thread"   daemon [_thread_blocked, id=21004, stack(0x000000cd1fb00000,0x000000cd1fc00000) (1024K)]
  0x0000026f0f9aac40 JavaThread "C1 CompilerThread0"         daemon [_thread_blocked, id=17264, stack(0x000000cd1fc00000,0x000000cd1fd00000) (1024K)]
  0x0000026f0f964290 JavaThread "Common-Cleaner"             daemon [_thread_blocked, id=19576, stack(0x000000cd1fd00000,0x000000cd1fe00000) (1024K)]
  0x0000026f0faaba60 JavaThread "C1 CompilerThread1"         daemon [_thread_blocked, id=15080, stack(0x000000cd1fe00000,0x000000cd1ff00000) (1024K)]
  0x0000026f55186170 JavaThread "Monitor Ctrl-Break"         daemon [_thread_in_native, id=10044, stack(0x000000cd20100000,0x000000cd20200000) (1024K)]
  0x0000026f55186c90 JavaThread "Notification Thread"        daemon [_thread_blocked, id=21172, stack(0x000000cd20200000,0x000000cd20300000) (1024K)]
  0x0000026f553dafe0 JavaThread "RMI TCP Accept-0"           daemon [_thread_in_native, id=16052, stack(0x000000cd20300000,0x000000cd20400000) (1024K)]
  0x0000026f553f15d0 JavaThread "RMI TCP Connection(1)-192.168.1.16" daemon [_thread_in_native, id=4860, stack(0x000000cd20400000,0x000000cd20500000) (1024K)]
  0x0000026f553f1c30 JavaThread "JavaFX-Launcher"                   [_thread_blocked, id=19860, stack(0x000000cd20500000,0x000000cd20600000) (1024K)]
  0x0000026f55476470 JavaThread "RMI Scheduler(0)"           daemon [_thread_blocked, id=8360, stack(0x000000cd20e00000,0x000000cd20f00000) (1024K)]
  0x0000026f55478b20 JavaThread "JMX server connection timeout 35" daemon [_thread_blocked, id=19608, stack(0x000000cd20f00000,0x000000cd21000000) (1024K)]
  0x0000026f561c9570 JavaThread "InvokeLaterDispatcher"      daemon [_thread_blocked, id=20172, stack(0x000000cd21300000,0x000000cd21400000) (1024K)]
  0x0000026f55f768b0 JavaThread "JavaFX Application Thread"         [_thread_in_native, id=10980, stack(0x000000cd21400000,0x000000cd21500000) (1024K)]
  0x0000026f55f76f40 JavaThread "Thread-2"                   daemon [_thread_in_native, id=7032, stack(0x000000cd21d00000,0x000000cd21e00000) (1024K)]
  0x0000026f55f78980 JavaThread "RMI TCP Connection(2)-192.168.1.16" daemon [_thread_in_native, id=11648, stack(0x000000cd22000000,0x000000cd22100000) (1024K)]
  0x0000026f5b4adbe0 JavaThread "Prism Font Disposer"        daemon [_thread_blocked, id=17392, stack(0x000000cd22500000,0x000000cd22600000) (1024K)]
  0x0000026f5b4ae270 JavaThread "Cleaner-0"                  daemon [_thread_blocked, id=21552, stack(0x000000cd22700000,0x000000cd22800000) (1024K)]
  0x0000026f5b4b2410 JavaThread "SIGINT handler"             daemon [_thread_blocked, id=6660, stack(0x000000cd1ff00000,0x000000cd20000000) (1024K)]
Total: 24

Other Threads:
=>0x0000026f0f976870 VMThread "VM Thread"                           [id=15896, stack(0x000000cd1f500000,0x000000cd1f600000) (1024K)]
  0x0000026f7c8c87d0 WorkerThread "GC Thread#0"                     [id=17524, stack(0x000000cd1ef00000,0x000000cd1f000000) (1024K)]
  0x0000026f55416b50 WorkerThread "GC Thread#1"                     [id=12060, stack(0x000000cd20600000,0x000000cd20700000) (1024K)]
  0x0000026f554282f0 WorkerThread "GC Thread#2"                     [id=11112, stack(0x000000cd20700000,0x000000cd20800000) (1024K)]
  0x0000026f55428690 WorkerThread "GC Thread#3"                     [id=4864, stack(0x000000cd20800000,0x000000cd20900000) (1024K)]
  0x0000026f55428e40 WorkerThread "GC Thread#4"                     [id=21592, stack(0x000000cd20900000,0x000000cd20a00000) (1024K)]
  0x0000026f554663d0 WorkerThread "GC Thread#5"                     [id=7052, stack(0x000000cd20a00000,0x000000cd20b00000) (1024K)]
  0x0000026f55466770 WorkerThread "GC Thread#6"                     [id=20716, stack(0x000000cd20b00000,0x000000cd20c00000) (1024K)]
  0x0000026f55466b10 WorkerThread "GC Thread#7"                     [id=14864, stack(0x000000cd20c00000,0x000000cd20d00000) (1024K)]
  0x0000026f55468ec0 WorkerThread "GC Thread#8"                     [id=9676, stack(0x000000cd20d00000,0x000000cd20e00000) (1024K)]
  0x0000026f55fcbe90 WorkerThread "GC Thread#9"                     [id=11056, stack(0x000000cd21f00000,0x000000cd22000000) (1024K)]
  0x0000026f7c8d8400 ConcurrentGCThread "G1 Main Marker"            terminated
  0x0000026f7c8dab40 WorkerThread "G1 Conc#0"                       [id=14508, stack(0x000000cd1f100000,0x000000cd1f200000) (1024K)]
  0x0000026f55fcb750 WorkerThread "G1 Conc#1"                       [id=6436, stack(0x000000cd22200000,0x000000cd22300000) (1024K)]
  0x0000026f55fcc230 WorkerThread "G1 Conc#2"                       [id=10296, stack(0x000000cd22300000,0x000000cd22400000) (1024K)]
  0x0000026f0f835010 ConcurrentGCThread "G1 Refine#0"               terminated
  0x0000026f0f835830 ConcurrentGCThread "G1 Service"                terminated
Total: 17

Threads with active compile tasks:
Total: 0

VM state: at safepoint (shutting down)

VM Mutex/Monitor currently owned by a thread:  ([mutex/lock_event])
[0x00007ffb0521e2a8] Threads_lock - owner thread: 0x0000026f0f976870
[0x00007ffb0521e3a8] Heap_lock - owner thread: 0x0000026f5b4b2410

Heap address: 0x0000000712c00000, size: 3796 MB, Compressed Oops mode: Zero based, Oop shift amount: 3

CDS archive(s) mapped at: [0x0000026f10000000-0x0000026f10c80000-0x0000026f10c80000), size 13107200, SharedBaseAddress: 0x0000026f10000000, ArchiveRelocationMode: 1.
Compressed class space mapped at: 0x0000026f11000000-0x0000026f51000000, reserved size: 1073741824
Narrow klass base: 0x0000026f10000000, Narrow klass shift: 0, Narrow klass range: 0x100000000

GC Precious Log:
 CardTable entry size: 512
 Card Set container configuration: InlinePtr #cards 4 size 8 Array Of Cards #cards 16 size 48 Howl #buckets 8 coarsen threshold 3686 Howl Bitmap #cards 512 size 80 coarsen threshold 460 Card regions per heap region 1 cards per card region 4096
 CPUs: 12 total, 12 available
 Memory: 15182M
 Large Page Support: Disabled
 NUMA Support: Disabled
 Compressed Oops: Enabled (Zero based)
 Heap Region Size: 2M
 Heap Min Capacity: 8M
 Heap Initial Capacity: 238M
 Heap Max Capacity: 3796M
 Pre-touch: Disabled
 Parallel Workers: 10
 Concurrent Workers: 3
 Concurrent Refinement Workers: 10
 Periodic GC: Disabled

Heap:
 garbage-first heap   total 90112K, used 51595K [0x0000000712c00000, 0x0000000800000000)
  region size 2048K, 6 young (12288K), 3 survivors (6144K)
 Metaspace       used 89466K, committed 90432K, reserved 1179648K
  class space    used 13647K, committed 14080K, reserved 1048576K

Heap Regions: E=young(eden), S=young(survivor), O=old, HS=humongous(starts), HC=humongous(continues), CS=collection set, F=free, TAMS=top-at-mark-start, PB=parsable bottom
|   0|0x0000000712c00000, 0x0000000712e00000, 0x0000000712e00000|100%| O|  |TAMS 0x0000000712c00000| PB 0x0000000712c00000| Untracked 
|   1|0x0000000712e00000, 0x0000000713000000, 0x0000000713000000|100%| O|  |TAMS 0x0000000712e00000| PB 0x0000000712e00000| Untracked 
|   2|0x0000000713000000, 0x0000000713200000, 0x0000000713200000|100%| O|  |TAMS 0x0000000713000000| PB 0x0000000713000000| Untracked 
|   3|0x0000000713200000, 0x0000000713400000, 0x0000000713400000|100%| O|  |TAMS 0x0000000713200000| PB 0x0000000713200000| Untracked 
|   4|0x0000000713400000, 0x0000000713600000, 0x0000000713600000|100%| O|  |TAMS 0x0000000713400000| PB 0x0000000713400000| Untracked 
|   5|0x0000000713600000, 0x0000000713800000, 0x0000000713800000|100%| O|  |TAMS 0x0000000713600000| PB 0x0000000713600000| Untracked 
|   6|0x0000000713800000, 0x0000000713a00000, 0x0000000713a00000|100%| O|  |TAMS 0x0000000713800000| PB 0x0000000713800000| Untracked 
|   7|0x0000000713a00000, 0x0000000713c00000, 0x0000000713c00000|100%| O|  |TAMS 0x0000000713a00000| PB 0x0000000713a00000| Untracked 
|   8|0x0000000713c00000, 0x0000000713e00000, 0x0000000713e00000|100%| O|  |TAMS 0x0000000713c00000| PB 0x0000000713c00000| Untracked 
|   9|0x0000000713e00000, 0x0000000714000000, 0x0000000714000000|100%|HS|  |TAMS 0x0000000713e00000| PB 0x0000000713e00000| Complete 
|  10|0x0000000714000000, 0x0000000714000000, 0x0000000714200000|  0%| F|  |TAMS 0x0000000714000000| PB 0x0000000714000000| Untracked 
|  11|0x0000000714200000, 0x0000000714400000, 0x0000000714400000|100%| O|  |TAMS 0x0000000714200000| PB 0x0000000714200000| Untracked 
|  12|0x0000000714400000, 0x0000000714600000, 0x0000000714600000|100%| O|  |TAMS 0x0000000714400000| PB 0x0000000714400000| Untracked 
|  13|0x0000000714600000, 0x0000000714800000, 0x0000000714800000|100%| O|  |TAMS 0x0000000714600000| PB 0x0000000714600000| Untracked 
|  14|0x0000000714800000, 0x0000000714a00000, 0x0000000714a00000|100%|HS|  |TAMS 0x0000000714800000| PB 0x0000000714800000| Complete 
|  15|0x0000000714a00000, 0x0000000714c00000, 0x0000000714c00000|100%| O|  |TAMS 0x0000000714a00000| PB 0x0000000714a00000| Untracked 
|  16|0x0000000714c00000, 0x0000000714e00000, 0x0000000714e00000|100%| O|  |TAMS 0x0000000714c00000| PB 0x0000000714c00000| Untracked 
|  17|0x0000000714e00000, 0x0000000715000000, 0x0000000715000000|100%| O|  |TAMS 0x0000000714e00000| PB 0x0000000714e00000| Untracked 
|  18|0x0000000715000000, 0x0000000715200000, 0x0000000715200000|100%| O|  |TAMS 0x0000000715000000| PB 0x0000000715000000| Untracked 
|  19|0x0000000715200000, 0x0000000715400000, 0x0000000715400000|100%| O|  |TAMS 0x0000000715200000| PB 0x0000000715200000| Untracked 
|  20|0x0000000715400000, 0x0000000715600000, 0x0000000715600000|100%| O|  |TAMS 0x0000000715400000| PB 0x0000000715400000| Untracked 
|  21|0x0000000715600000, 0x0000000715662d50, 0x0000000715800000| 19%| O|  |TAMS 0x0000000715600000| PB 0x0000000715600000| Untracked 
|  22|0x0000000715800000, 0x0000000715800000, 0x0000000715a00000|  0%| F|  |TAMS 0x0000000715800000| PB 0x0000000715800000| Untracked 
|  23|0x0000000715a00000, 0x0000000715a00000, 0x0000000715c00000|  0%| F|  |TAMS 0x0000000715a00000| PB 0x0000000715a00000| Untracked 
|  24|0x0000000715c00000, 0x0000000715e00000, 0x0000000715e00000|100%| S|CS|TAMS 0x0000000715c00000| PB 0x0000000715c00000| Complete 
|  25|0x0000000715e00000, 0x0000000716000000, 0x0000000716000000|100%| S|CS|TAMS 0x0000000715e00000| PB 0x0000000715e00000| Complete 
|  26|0x0000000716000000, 0x0000000716200000, 0x0000000716200000|100%| S|CS|TAMS 0x0000000716000000| PB 0x0000000716000000| Complete 
|  27|0x0000000716200000, 0x0000000716200000, 0x0000000716400000|  0%| F|  |TAMS 0x0000000716200000| PB 0x0000000716200000| Untracked 
|  28|0x0000000716400000, 0x0000000716400000, 0x0000000716600000|  0%| F|  |TAMS 0x0000000716400000| PB 0x0000000716400000| Untracked 
|  29|0x0000000716600000, 0x0000000716600000, 0x0000000716800000|  0%| F|  |TAMS 0x0000000716600000| PB 0x0000000716600000| Untracked 
|  30|0x0000000716800000, 0x0000000716800000, 0x0000000716a00000|  0%| F|  |TAMS 0x0000000716800000| PB 0x0000000716800000| Untracked 
|  31|0x0000000716a00000, 0x0000000716a00000, 0x0000000716c00000|  0%| F|  |TAMS 0x0000000716a00000| PB 0x0000000716a00000| Untracked 
|  32|0x0000000716c00000, 0x0000000716c00000, 0x0000000716e00000|  0%| F|  |TAMS 0x0000000716c00000| PB 0x0000000716c00000| Untracked 
|  33|0x0000000716e00000, 0x0000000716e00000, 0x0000000717000000|  0%| F|  |TAMS 0x0000000716e00000| PB 0x0000000716e00000| Untracked 
|  34|0x0000000717000000, 0x0000000717000000, 0x0000000717200000|  0%| F|  |TAMS 0x0000000717000000| PB 0x0000000717000000| Untracked 
|  35|0x0000000717200000, 0x0000000717200000, 0x0000000717400000|  0%| F|  |TAMS 0x0000000717200000| PB 0x0000000717200000| Untracked 
|  36|0x0000000717400000, 0x0000000717400000, 0x0000000717600000|  0%| F|  |TAMS 0x0000000717400000| PB 0x0000000717400000| Untracked 
|  37|0x0000000717600000, 0x0000000717600000, 0x0000000717800000|  0%| F|  |TAMS 0x0000000717600000| PB 0x0000000717600000| Untracked 
|  38|0x0000000717800000, 0x0000000717800000, 0x0000000717a00000|  0%| F|  |TAMS 0x0000000717800000| PB 0x0000000717800000| Untracked 
| 111|0x0000000720a00000, 0x0000000720a00000, 0x0000000720c00000|  0%| F|  |TAMS 0x0000000720a00000| PB 0x0000000720a00000| Untracked 
| 112|0x0000000720c00000, 0x0000000720c00000, 0x0000000720e00000|  0%| F|  |TAMS 0x0000000720c00000| PB 0x0000000720c00000| Untracked 
| 113|0x0000000720e00000, 0x0000000720ea3758, 0x0000000721000000| 31%| E|  |TAMS 0x0000000720e00000| PB 0x0000000720e00000| Complete 
| 114|0x0000000721000000, 0x0000000721200000, 0x0000000721200000|100%| E|CS|TAMS 0x0000000721000000| PB 0x0000000721000000| Complete 
| 118|0x0000000721800000, 0x0000000721a00000, 0x0000000721a00000|100%| E|CS|TAMS 0x0000000721800000| PB 0x0000000721800000| Complete 

Card table byte_map: [0x0000026f08da0000,0x0000026f09510000] _byte_map_base: 0x0000026f0550a000

Marking Bits: (CMBitMap*) 0x0000026f7c8c8de0
 Bits: [0x0000026f09510000, 0x0000026f0d060000)

Polling page: 0x0000026f7a700000

Metaspace:

Usage:
  Non-class:     74.04 MB used.
      Class:     13.33 MB used.
       Both:     87.37 MB used.

Virtual space:
  Non-class space:      128.00 MB reserved,      74.56 MB ( 58%) committed,  2 nodes.
      Class space:        1.00 GB reserved,      13.75 MB (  1%) committed,  1 nodes.
             Both:        1.12 GB reserved,      88.31 MB (  8%) committed. 

Chunk freelists:
   Non-Class:  5.17 MB
       Class:  2.26 MB
        Both:  7.43 MB

MaxMetaspaceSize: unlimited
CompressedClassSpaceSize: 1.00 GB
Initial GC threshold: 21.00 MB
Current GC threshold: 125.88 MB
CDS: on
 - commit_granule_bytes: 65536.
 - commit_granule_words: 8192.
 - virtual_space_node_default_size: 8388608.
 - enlarge_chunks_in_place: 1.
 - use_allocation_guard: 0.


Internal statistics:

num_allocs_failed_limit: 6.
num_arena_births: 1474.
num_arena_deaths: 0.
num_vsnodes_births: 3.
num_vsnodes_deaths: 0.
num_space_committed: 1413.
num_space_uncommitted: 0.
num_chunks_returned_to_freelist: 6.
num_chunks_taken_from_freelist: 4775.
num_chunk_merges: 6.
num_chunk_splits: 3462.
num_chunks_enlarged: 2654.
num_inconsistent_stats: 0.

CodeCache: size=49152Kb used=15622Kb max_used=16517Kb free=33529Kb
 bounds [0x0000026f7c920000, 0x0000026f7d950000, 0x0000026f7f920000]
 total_blobs=9736 nmethods=8652 adapters=1005
 compilation: enabled
              stopped_count=0, restarted_count=0
 full_count=0

Compilation events (20 events):
Event: 14.933 Thread 0x0000026f0f9aac40 nmethod 9422 0x0000026f7cc1cc10 code [0x0000026f7cc1cdc0, 0x0000026f7cc1cf00]
Event: 14.933 Thread 0x0000026f0faaba60 nmethod 9421 0x0000026f7cc1c710 code [0x0000026f7cc1c8c0, 0x0000026f7cc1ca70]
Event: 14.933 Thread 0x0000026f0faaba60 9423       1       org.h2.mvstore.DataUtils::composePagePos (12 bytes)
Event: 14.933 Thread 0x0000026f0faaba60 nmethod 9423 0x0000026f7cc1c410 code [0x0000026f7cc1c5a0, 0x0000026f7cc1c668]
Event: 14.933 Thread 0x0000026f0faaba60 9424       1       org.h2.mvstore.DataUtils::writeVarLong (39 bytes)
Event: 14.933 Thread 0x0000026f0f9aac40 9425       1       org.h2.result.DefaultRow::getColumnCount (6 bytes)
Event: 14.933 Thread 0x0000026f0f9aac40 nmethod 9425 0x0000026f7cc1c110 code [0x0000026f7cc1c2a0, 0x0000026f7cc1c378]
Event: 14.933 Thread 0x0000026f0faaba60 nmethod 9424 0x0000026f7cc1bd10 code [0x0000026f7cc1bec0, 0x0000026f7cc1c028]
Event: 14.933 Thread 0x0000026f0faaba60 9426       1       java.lang.Long::numberOfLeadingZeros (26 bytes)
Event: 14.933 Thread 0x0000026f0faaba60 nmethod 9426 0x0000026f7cc1b990 code [0x0000026f7cc1bb40, 0x0000026f7cc1bc58]
Event: 14.933 Thread 0x0000026f0f9aac40 9427       1       org.h2.mvstore.DataUtils::isLeafPosition (13 bytes)
Event: 14.933 Thread 0x0000026f0f9aac40 nmethod 9427 0x0000026f7cc1b690 code [0x0000026f7cc1b820, 0x0000026f7cc1b8e0]
Event: 14.935 Thread 0x0000026f0f9aac40 9428       1       java.nio.channels.spi.AbstractInterruptibleChannel::blockedOn (10 bytes)
Event: 14.935 Thread 0x0000026f0faaba60 9429       1       java.lang.System$2::blockedOn (5 bytes)
Event: 14.935 Thread 0x0000026f0faaba60 nmethod 9429 0x0000026f7cc1b190 code [0x0000026f7cc1b340, 0x0000026f7cc1b570]
Event: 14.935 Thread 0x0000026f0f9aac40 nmethod 9428 0x0000026f7cc1ac10 code [0x0000026f7cc1adc0, 0x0000026f7cc1b020]
Event: 14.935 Thread 0x0000026f0faaba60 9430   !   1       java.lang.Thread::blockedOn (27 bytes)
Event: 14.935 Thread 0x0000026f0faaba60 nmethod 9430 0x0000026f7cc1a790 code [0x0000026f7cc1a940, 0x0000026f7cc1ab50]
Event: 14.936 Thread 0x0000026f0faaba60 9431       1       org.h2.mvstore.cache.CacheLongKeyLIRS$Entry::<init> (25 bytes)
Event: 14.936 Thread 0x0000026f0faaba60 nmethod 9431 0x0000026f7cc1a410 code [0x0000026f7cc1a5a0, 0x0000026f7cc1a6d0]

GC Heap History (20 events):
Event: 3.466 GC heap before
{Heap before GC invocations=11 (full 0):
 garbage-first heap   total 73728K, used 60946K [0x0000000712c00000, 0x0000000800000000)
  region size 2048K, 18 young (36864K), 3 survivors (6144K)
 Metaspace       used 52811K, committed 53568K, reserved 1114112K
  class space    used 7477K, committed 7808K, reserved 1048576K
}
Event: 3.469 GC heap after
{Heap after GC invocations=12 (full 0):
 garbage-first heap   total 73728K, used 31992K [0x0000000712c00000, 0x0000000800000000)
  region size 2048K, 3 young (6144K), 3 survivors (6144K)
 Metaspace       used 52811K, committed 53568K, reserved 1114112K
  class space    used 7477K, committed 7808K, reserved 1048576K
}
Event: 3.579 GC heap before
{Heap before GC invocations=12 (full 0):
 garbage-first heap   total 73728K, used 42232K [0x0000000712c00000, 0x0000000800000000)
  region size 2048K, 8 young (16384K), 3 survivors (6144K)
 Metaspace       used 55124K, committed 55808K, reserved 1114112K
  class space    used 7822K, committed 8128K, reserved 1048576K
}
Event: 3.581 GC heap after
{Heap after GC invocations=13 (full 0):
 garbage-first heap   total 73728K, used 34551K [0x0000000712c00000, 0x0000000800000000)
  region size 2048K, 2 young (4096K), 2 survivors (4096K)
 Metaspace       used 55124K, committed 55808K, reserved 1114112K
  class space    used 7822K, committed 8128K, reserved 1048576K
}
Event: 3.955 GC heap before
{Heap before GC invocations=14 (full 0):
 garbage-first heap   total 73728K, used 59127K [0x0000000712c00000, 0x0000000800000000)
  region size 2048K, 15 young (30720K), 2 survivors (4096K)
 Metaspace       used 61205K, committed 61952K, reserved 1114112K
  class space    used 8751K, committed 9088K, reserved 1048576K
}
Event: 3.957 GC heap after
{Heap after GC invocations=15 (full 0):
 garbage-first heap   total 73728K, used 35582K [0x0000000712c00000, 0x0000000800000000)
  region size 2048K, 2 young (4096K), 2 survivors (4096K)
 Metaspace       used 61205K, committed 61952K, reserved 1114112K
  class space    used 8751K, committed 9088K, reserved 1048576K
}
Event: 4.319 GC heap before
{Heap before GC invocations=15 (full 0):
 garbage-first heap   total 73728K, used 60158K [0x0000000712c00000, 0x0000000800000000)
  region size 2048K, 15 young (30720K), 2 survivors (4096K)
 Metaspace       used 66409K, committed 67136K, reserved 1114112K
  class space    used 9544K, committed 9856K, reserved 1048576K
}
Event: 4.322 GC heap after
{Heap after GC invocations=16 (full 0):
 garbage-first heap   total 73728K, used 36173K [0x0000000712c00000, 0x0000000800000000)
  region size 2048K, 2 young (4096K), 2 survivors (4096K)
 Metaspace       used 66409K, committed 67136K, reserved 1114112K
  class space    used 9544K, committed 9856K, reserved 1048576K
}
Event: 4.639 GC heap before
{Heap before GC invocations=16 (full 0):
 garbage-first heap   total 73728K, used 58701K [0x0000000712c00000, 0x0000000800000000)
  region size 2048K, 14 young (28672K), 2 survivors (4096K)
 Metaspace       used 71192K, committed 72000K, reserved 1114112K
  class space    used 10199K, committed 10560K, reserved 1048576K
}
Event: 4.642 GC heap after
{Heap after GC invocations=17 (full 0):
 garbage-first heap   total 73728K, used 38329K [0x0000000712c00000, 0x0000000800000000)
  region size 2048K, 2 young (4096K), 2 survivors (4096K)
 Metaspace       used 71192K, committed 72000K, reserved 1114112K
  class space    used 10199K, committed 10560K, reserved 1048576K
}
Event: 4.887 GC heap before
{Heap before GC invocations=18 (full 0):
 garbage-first heap   total 73728K, used 60857K [0x0000000712c00000, 0x0000000800000000)
  region size 2048K, 13 young (26624K), 2 survivors (4096K)
 Metaspace       used 73522K, committed 74304K, reserved 1114112K
  class space    used 10749K, committed 11072K, reserved 1048576K
}
Event: 4.890 GC heap after
{Heap after GC invocations=19 (full 0):
 garbage-first heap   total 73728K, used 40117K [0x0000000712c00000, 0x0000000800000000)
  region size 2048K, 1 young (2048K), 1 survivors (2048K)
 Metaspace       used 73522K, committed 74304K, reserved 1114112K
  class space    used 10749K, committed 11072K, reserved 1048576K
}
Event: 5.035 GC heap before
{Heap before GC invocations=19 (full 0):
 garbage-first heap   total 73728K, used 62645K [0x0000000712c00000, 0x0000000800000000)
  region size 2048K, 13 young (26624K), 1 survivors (2048K)
 Metaspace       used 75314K, committed 76096K, reserved 1114112K
  class space    used 11127K, committed 11456K, reserved 1048576K
}
Event: 5.039 GC heap after
{Heap after GC invocations=20 (full 0):
 garbage-first heap   total 73728K, used 41209K [0x0000000712c00000, 0x0000000800000000)
  region size 2048K, 2 young (4096K), 2 survivors (4096K)
 Metaspace       used 75314K, committed 76096K, reserved 1114112K
  class space    used 11127K, committed 11456K, reserved 1048576K
}
Event: 5.092 GC heap before
{Heap before GC invocations=20 (full 0):
 garbage-first heap   total 73728K, used 59641K [0x0000000712c00000, 0x0000000800000000)
  region size 2048K, 12 young (24576K), 2 survivors (4096K)
 Metaspace       used 76206K, committed 76928K, reserved 1114112K
  class space    used 11207K, committed 11520K, reserved 1048576K
}
Event: 5.093 GC heap after
{Heap after GC invocations=21 (full 0):
 garbage-first heap   total 90112K, used 41787K [0x0000000712c00000, 0x0000000800000000)
  region size 2048K, 1 young (2048K), 1 survivors (2048K)
 Metaspace       used 76206K, committed 76928K, reserved 1114112K
  class space    used 11207K, committed 11520K, reserved 1048576K
}
Event: 5.577 GC heap before
{Heap before GC invocations=22 (full 0):
 garbage-first heap   total 90112K, used 80699K [0x0000000712c00000, 0x0000000800000000)
  region size 2048K, 20 young (40960K), 1 survivors (2048K)
 Metaspace       used 82373K, committed 83264K, reserved 1179648K
  class space    used 12288K, committed 12672K, reserved 1048576K
}
Event: 5.579 GC heap after
{Heap after GC invocations=23 (full 0):
 garbage-first heap   total 90112K, used 44061K [0x0000000712c00000, 0x0000000800000000)
  region size 2048K, 2 young (4096K), 2 survivors (4096K)
 Metaspace       used 82373K, committed 83264K, reserved 1179648K
  class space    used 12288K, committed 12672K, reserved 1048576K
}
Event: 8.263 GC heap before
{Heap before GC invocations=23 (full 0):
 garbage-first heap   total 90112K, used 76829K [0x0000000712c00000, 0x0000000800000000)
  region size 2048K, 19 young (38912K), 2 survivors (4096K)
 Metaspace       used 89345K, committed 90304K, reserved 1179648K
  class space    used 13624K, committed 14080K, reserved 1048576K
}
Event: 8.269 GC heap after
{Heap after GC invocations=24 (full 0):
 garbage-first heap   total 90112K, used 47499K [0x0000000712c00000, 0x0000000800000000)
  region size 2048K, 3 young (6144K), 3 survivors (6144K)
 Metaspace       used 89345K, committed 90304K, reserved 1179648K
  class space    used 13624K, committed 14080K, reserved 1048576K
}

Dll operation events (20 events):
Event: 0.554 Loaded shared library C:\Users\Lenovo\.openjfx\cache\23.0.2+3\amd64\api-ms-win-crt-math-l1-1-0.dll
Event: 0.557 Loaded shared library C:\Users\Lenovo\.openjfx\cache\23.0.2+3\amd64\api-ms-win-crt-multibyte-l1-1-0.dll
Event: 0.560 Loaded shared library C:\Users\Lenovo\.openjfx\cache\23.0.2+3\amd64\api-ms-win-crt-private-l1-1-0.dll
Event: 0.563 Loaded shared library C:\Users\Lenovo\.openjfx\cache\23.0.2+3\amd64\api-ms-win-crt-process-l1-1-0.dll
Event: 0.566 Loaded shared library C:\Users\Lenovo\.openjfx\cache\23.0.2+3\amd64\api-ms-win-crt-runtime-l1-1-0.dll
Event: 0.570 Loaded shared library C:\Users\Lenovo\.openjfx\cache\23.0.2+3\amd64\api-ms-win-crt-stdio-l1-1-0.dll
Event: 0.573 Loaded shared library C:\Users\Lenovo\.openjfx\cache\23.0.2+3\amd64\api-ms-win-crt-string-l1-1-0.dll
Event: 0.577 Loaded shared library C:\Users\Lenovo\.openjfx\cache\23.0.2+3\amd64\api-ms-win-crt-time-l1-1-0.dll
Event: 0.580 Loaded shared library C:\Users\Lenovo\.openjfx\cache\23.0.2+3\amd64\api-ms-win-crt-utility-l1-1-0.dll
Event: 0.596 Loaded shared library C:\Users\Lenovo\.openjfx\cache\23.0.2+3\amd64\ucrtbase.dll
Event: 0.601 Loaded shared library C:\Users\Lenovo\.openjfx\cache\23.0.2+3\amd64\vcruntime140.dll
Event: 0.604 Loaded shared library C:\Users\Lenovo\.openjfx\cache\23.0.2+3\amd64\vcruntime140_1.dll
Event: 0.613 Loaded shared library C:\Users\Lenovo\.openjfx\cache\23.0.2+3\amd64\msvcp140.dll
Event: 0.616 Loaded shared library C:\Users\Lenovo\.openjfx\cache\23.0.2+3\amd64\msvcp140_1.dll
Event: 0.622 Loaded shared library C:\Users\Lenovo\.openjfx\cache\23.0.2+3\amd64\msvcp140_2.dll
Event: 0.661 Loaded shared library C:\Users\Lenovo\.openjfx\cache\23.0.2+3\amd64\prism_d3d.dll
Event: 0.716 Loaded shared library C:\Users\Lenovo\.openjfx\cache\23.0.2+3\amd64\glass.dll
Event: 1.423 Loaded shared library C:\Users\Lenovo\.openjfx\cache\23.0.2+3\amd64\javafx_font.dll
Event: 2.090 Loaded shared library C:\Users\Lenovo\.jdks\corretto-21.0.7\bin\sunmscapi.dll
Event: 3.355 Loaded shared library C:\Users\Lenovo\.jdks\corretto-21.0.7\bin\verify.dll

Deoptimization events (10 events):
Event: 1.608 Thread 0x0000026f55f768b0 DEOPT PACKING pc=0x0000026f7cf19084 sp=0x000000cd214fd010
Event: 1.608 Thread 0x0000026f55f768b0 DEOPT UNPACKING pc=0x0000026f7c974e42 sp=0x000000cd214fc570 mode 0
Event: 1.939 Thread 0x0000026f5b4ad550 DEOPT PACKING pc=0x0000026f7cef13f9 sp=0x000000cd226fddc0
Event: 1.939 Thread 0x0000026f5b4ad550 DEOPT UNPACKING pc=0x0000026f7c974e42 sp=0x000000cd226fd2c8 mode 3
Event: 1.980 Thread 0x0000026f55f77c60 DEOPT PACKING pc=0x0000026f7d13106c sp=0x000000cd21efe4c0
Event: 1.980 Thread 0x0000026f55f77c60 DEOPT UNPACKING pc=0x0000026f7c974e42 sp=0x000000cd21efd9d0 mode 0
Event: 3.083 Thread 0x0000026f0f964290 DEOPT PACKING pc=0x0000026f7ced201c sp=0x000000cd1fdff0d0
Event: 3.083 Thread 0x0000026f0f964290 DEOPT UNPACKING pc=0x0000026f7c974e42 sp=0x000000cd1fdfe618 mode 0
Event: 3.119 Thread 0x0000026f553f15d0 DEOPT PACKING pc=0x0000026f7cfca454 sp=0x000000cd204fedb0
Event: 3.119 Thread 0x0000026f553f15d0 DEOPT UNPACKING pc=0x0000026f7c974e42 sp=0x000000cd204fe2f0 mode 0

Classes loaded (20 events):
Event: 6.166 Loading class com/sun/jmx/remote/util/OrderClassLoaders
Event: 6.166 Loading class com/sun/jmx/remote/util/OrderClassLoaders done
Event: 6.166 Loading class javax/management/remote/rmi/RMIConnectionImpl$SetCcl
Event: 6.166 Loading class javax/management/remote/rmi/RMIConnectionImpl$SetCcl done
Event: 6.166 Loading class java/rmi/MarshalledObject$MarshalledObjectInputStream
Event: 6.166 Loading class java/rmi/MarshalledObject$MarshalledObjectInputStream done
Event: 6.689 Loading class java/util/EnumMap$Values
Event: 6.689 Loading class java/util/EnumMap$Values done
Event: 6.689 Loading class java/util/EnumMap$ValueIterator
Event: 6.689 Loading class java/util/EnumMap$ValueIterator done
Event: 14.903 Loading class jdk/internal/misc/Signal$1
Event: 14.903 Loading class jdk/internal/misc/Signal$1 done
Event: 14.905 Loading class java/net/SocketTimeoutException
Event: 14.905 Loading class java/io/InterruptedIOException
Event: 14.905 Loading class java/io/InterruptedIOException done
Event: 14.905 Loading class java/net/SocketTimeoutException done
Event: 14.906 Loading class java/util/PriorityQueue$Itr
Event: 14.906 Loading class java/util/PriorityQueue$Itr done
Event: 14.906 Loading class java/nio/ByteBufferAsLongBufferB
Event: 14.907 Loading class java/nio/ByteBufferAsLongBufferB done

Classes unloaded (0 events):
No events

Classes redefined (0 events):
No events

Internal exceptions (20 events):
Event: 5.554 Thread 0x0000026f55f77c60 Exception <a 'java/lang/IncompatibleClassChangeError'{0x0000000715c38040}: Found class java.lang.Object, but interface was expected> (0x0000000715c38040) 
thrown [s\src\hotspot\share\interpreter\linkResolver.cpp, line 840]
Event: 5.626 Thread 0x0000026f55f77c60 Exception <a 'java/lang/NoSuchMethodError'{0x0000000720e2cd48}: 'java.lang.Object java.lang.invoke.Invokers$Holder.invoke_MT(java.lang.Object, java.lang.Object, java.lang.Object, java.lang.Object, java.lang.Object, java.lang.Object, java.lang.Object, java.lang.Object, java.lang.Object, java.lang.Object, java.lang.Object)'> (0x0000000720e2cd48) 
thrown [s\src\hotspot\share\interpreter\linkResolver.cpp, line 773]
Event: 5.645 Thread 0x0000026f55f77c60 Exception <a 'java/lang/NoSuchMethodError'{0x0000000720fc3d68}: 'int java.lang.invoke.DirectMethodHandle$Holder.invokeInterface(java.lang.Object, java.lang.Object, java.lang.Object, java.lang.Object)'> (0x0000000720fc3d68) 
thrown [s\src\hotspot\share\interpreter\linkResolver.cpp, line 773]
Event: 5.652 Thread 0x0000026f55f77c60 Exception <a 'java/lang/NoSuchMethodError'{0x0000000720c1cb18}: 'java.lang.Object java.lang.invoke.DirectMethodHandle$Holder.newInvokeSpecial(java.lang.Object, java.lang.Object, int, java.lang.Object, java.lang.Object)'> (0x0000000720c1cb18) 
thrown [s\src\hotspot\share\interpreter\linkResolver.cpp, line 773]
Event: 5.704 Thread 0x0000026f55f768b0 Exception <a 'java/lang/NoSuchMethodError'{0x0000000720b73018}: 'void java.lang.invoke.DirectMethodHandle$Holder.invokeSpecial(java.lang.Object, java.lang.Object, double)'> (0x0000000720b73018) 
thrown [s\src\hotspot\share\interpreter\linkResolver.cpp, line 773]
Event: 5.705 Thread 0x0000026f55f768b0 Exception <a 'java/lang/NoSuchMethodError'{0x0000000720b7da20}: 'double java.lang.invoke.DelegatingMethodHandle$Holder.reinvoke_L(java.lang.Object, java.lang.Object, int)'> (0x0000000720b7da20) 
thrown [s\src\hotspot\share\interpreter\linkResolver.cpp, line 773]
Event: 5.705 Thread 0x0000026f55f768b0 Exception <a 'java/lang/NoSuchMethodError'{0x0000000720b877b8}: 'void java.lang.invoke.DelegatingMethodHandle$Holder.reinvoke_L(java.lang.Object, java.lang.Object, double)'> (0x0000000720b877b8) 
thrown [s\src\hotspot\share\interpreter\linkResolver.cpp, line 773]
Event: 5.722 Thread 0x0000026f55f768b0 Exception <a 'java/io/FileNotFoundException'{0x000000071784f168}> (0x000000071784f168) 
thrown [s\src\hotspot\share\prims\jni.cpp, line 520]
Event: 5.733 Thread 0x0000026f55f768b0 Exception <a 'java/io/FileNotFoundException'{0x00000007179252f8}> (0x00000007179252f8) 
thrown [s\src\hotspot\share\prims\jni.cpp, line 520]
Event: 5.831 Thread 0x0000026f55f768b0 Exception <a 'java/io/FileNotFoundException'{0x00000007175e4ae8}> (0x00000007175e4ae8) 
thrown [s\src\hotspot\share\prims\jni.cpp, line 520]
Event: 5.863 Thread 0x0000026f55f768b0 Exception <a 'java/lang/NoSuchMethodError'{0x00000007172c3798}: 'java.lang.Object java.lang.invoke.DelegatingMethodHandle$Holder.reinvoke_L(java.lang.Object, double, double, double, double)'> (0x00000007172c3798) 
thrown [s\src\hotspot\share\interpreter\linkResolver.cpp, line 773]
Event: 5.874 Thread 0x0000026f55f768b0 Exception <a 'java/lang/NoSuchMethodError'{0x00000007173288f8}: 'void java.lang.invoke.DirectMethodHandle$Holder.invokeSpecial(java.lang.Object, java.lang.Object, int)'> (0x00000007173288f8) 
thrown [s\src\hotspot\share\interpreter\linkResolver.cpp, line 773]
Event: 5.912 Thread 0x0000026f55f768b0 Exception <a 'java/io/FileNotFoundException'{0x0000000717079d88}> (0x0000000717079d88) 
thrown [s\src\hotspot\share\prims\jni.cpp, line 520]
Event: 6.060 Thread 0x0000026f55f768b0 Exception <a 'java/lang/IncompatibleClassChangeError'{0x0000000716bc80c0}: Found class java.lang.Object, but interface was expected> (0x0000000716bc80c0) 
thrown [s\src\hotspot\share\interpreter\linkResolver.cpp, line 840]
Event: 6.165 Thread 0x0000026f55f78980 Exception <a 'java/lang/NoSuchMethodError'{0x00000007165d3cd8}: 'java.lang.Object java.lang.invoke.DirectMethodHandle$Holder.invokeInterface(java.lang.Object, java.lang.Object, java.lang.Object, java.lang.Object, java.lang.Object, java.lang.Object, java.lang.Object)'> (0x00000007165d3cd8) 
thrown [s\src\hotspot\share\interpreter\linkResolver.cpp, line 773]
Event: 14.905 Thread 0x0000026f5b4ad550 Exception <a 'java/io/IOException'{0x0000000721176428}> (0x0000000721176428) 
thrown [s\src\hotspot\share\prims\jni.cpp, line 520]
Event: 14.913 Thread 0x0000026f5b4b1d80 Exception <a 'java/lang/NoSuchMethodError'{0x00000007211ca6e8}: 'void java.lang.invoke.DirectMethodHandle$Holder.invokeSpecial(java.lang.Object, java.lang.Object, int, long)'> (0x00000007211ca6e8) 
thrown [s\src\hotspot\share\interpreter\linkResolver.cpp, line 773]
Event: 14.914 Thread 0x0000026f5b4b1d80 Exception <a 'java/lang/NoSuchMethodError'{0x00000007211d0558}: 'java.lang.Object java.lang.invoke.DirectMethodHandle$Holder.newInvokeSpecial(java.lang.Object, java.lang.Object, int, long)'> (0x00000007211d0558) 
thrown [s\src\hotspot\share\interpreter\linkResolver.cpp, line 773]
Event: 14.914 Thread 0x0000026f5b4b1d80 Exception <a 'java/lang/NoSuchMethodError'{0x0000000720e0ec68}: 'java.lang.Object java.lang.invoke.DirectMethodHandle$Holder.invokeSpecial(java.lang.Object, java.lang.Object, java.lang.Object, int, long)'> (0x0000000720e0ec68) 
thrown [s\src\hotspot\share\interpreter\linkResolver.cpp, line 773]
Event: 14.937 Thread 0x0000026f5b4acec0 Exception <a 'java/lang/InterruptedException'{0x0000000721092e10}: sleep interrupted> (0x0000000721092e10) 
thrown [s\src\hotspot\share\prims\jvm.cpp, line 3074]

ZGC Phase Switch (0 events):
No events

VM Operations (20 events):
Event: 6.076 Executing VM operation: HandshakeAllThreads (Deoptimize) done
Event: 6.464 Executing VM operation: ICBufferFull
Event: 6.464 Executing VM operation: ICBufferFull done
Event: 8.263 Executing VM operation: G1CollectForAllocation (G1 Evacuation Pause)
Event: 8.269 Executing VM operation: G1CollectForAllocation (G1 Evacuation Pause) done
Event: 9.789 Executing VM operation: HandshakeAllThreads (Deoptimize)
Event: 9.789 Executing VM operation: HandshakeAllThreads (Deoptimize) done
Event: 9.789 Executing VM operation: Cleanup
Event: 9.789 Executing VM operation: Cleanup done
Event: 10.789 Executing VM operation: Cleanup
Event: 10.789 Executing VM operation: Cleanup done
Event: 12.790 Executing VM operation: Cleanup
Event: 12.790 Executing VM operation: Cleanup done
Event: 13.790 Executing VM operation: Cleanup
Event: 13.790 Executing VM operation: Cleanup done
Event: 14.908 Executing VM operation: HandshakeAllThreads (Deoptimize)
Event: 14.908 Executing VM operation: HandshakeAllThreads (Deoptimize) done
Event: 14.908 Executing VM operation: Cleanup
Event: 14.908 Executing VM operation: Cleanup done
Event: 14.938 Executing VM operation: Exit

Memory protections (0 events):
No events

Nmethod flushes (20 events):
Event: 4.664 Thread 0x0000026f0f976870 flushing  nmethod 0x0000026f7cf9d510
Event: 4.664 Thread 0x0000026f0f976870 flushing  nmethod 0x0000026f7cfca110
Event: 4.664 Thread 0x0000026f0f976870 flushing  nmethod 0x0000026f7cfcb710
Event: 4.664 Thread 0x0000026f0f976870 flushing  nmethod 0x0000026f7cfcba10
Event: 4.664 Thread 0x0000026f0f976870 flushing  nmethod 0x0000026f7cff2c90
Event: 4.664 Thread 0x0000026f0f976870 flushing  nmethod 0x0000026f7cff3a90
Event: 4.664 Thread 0x0000026f0f976870 flushing  nmethod 0x0000026f7cff4710
Event: 4.664 Thread 0x0000026f0f976870 flushing  nmethod 0x0000026f7cff5d90
Event: 4.664 Thread 0x0000026f0f976870 flushing  nmethod 0x0000026f7d017610
Event: 4.664 Thread 0x0000026f0f976870 flushing  nmethod 0x0000026f7d018190
Event: 4.664 Thread 0x0000026f0f976870 flushing  nmethod 0x0000026f7d019810
Event: 5.110 Thread 0x0000026f0f976870 flushing  nmethod 0x0000026f7d3e8810
Event: 5.110 Thread 0x0000026f0f976870 flushing  nmethod 0x0000026f7d5b4090
Event: 5.110 Thread 0x0000026f0f976870 flushing  nmethod 0x0000026f7d4f9a90
Event: 5.110 Thread 0x0000026f0f976870 flushing  nmethod 0x0000026f7ccd9590
Event: 5.110 Thread 0x0000026f0f976870 flushing  nmethod 0x0000026f7d541390
Event: 5.110 Thread 0x0000026f0f976870 flushing  nmethod 0x0000026f7d545010
Event: 5.110 Thread 0x0000026f0f976870 flushing  nmethod 0x0000026f7d3ee890
Event: 5.110 Thread 0x0000026f0f976870 flushing  nmethod 0x0000026f7d3eec10
Event: 5.110 Thread 0x0000026f0f976870 flushing  nmethod 0x0000026f7d4f9510

Events (20 events):
Event: 13.499 Thread 0x0000026f0fab4110 Thread exited: 0x0000026f0fab4110
Event: 14.903 Thread 0x0000026f0f994dc0 Thread added: 0x0000026f5b4b2410
Event: 14.904 Thread 0x0000026f5b4b2410 Thread added: 0x0000026f5b4b0340
Event: 14.904 Thread 0x0000026f5b4b2410 Thread added: 0x0000026f5b4b09d0
Event: 14.904 Thread 0x0000026f5b4b2410 Thread added: 0x0000026f5b4b1060
Event: 14.904 Thread 0x0000026f5b4b2410 Thread added: 0x0000026f5b4b1d80
Event: 14.904 Thread 0x0000026f5b4b0340 Thread exited: 0x0000026f5b4b0340
Event: 14.905 Thread 0x0000026f5b4b1060 Thread exited: 0x0000026f5b4b1060
Event: 14.905 Thread 0x0000026f5b4ad550 Thread exited: 0x0000026f5b4ad550
Event: 14.905 Thread 0x0000026f5b4ae900 Thread exited: 0x0000026f5b4ae900
Event: 14.906 Thread 0x0000026f5b4afcb0 Thread exited: 0x0000026f5b4afcb0
Event: 14.906 Thread 0x0000026f5b4ac830 Thread exited: 0x0000026f5b4ac830
Event: 14.911 Thread 0x0000026f5b4b09d0 Thread added: 0x0000026f5b4ae900
Event: 14.911 Thread 0x0000026f5b4aef90 Thread exited: 0x0000026f5b4aef90
Event: 14.911 Thread 0x0000026f5b4ae900 Thread exited: 0x0000026f5b4ae900
Event: 14.914 Thread 0x0000026f5b4b09d0 Thread exited: 0x0000026f5b4b09d0
Event: 14.917 Thread 0x0000026f55ecb4b0 Thread exited: 0x0000026f55ecb4b0
Event: 14.937 Thread 0x0000026f5b4acec0 Thread exited: 0x0000026f5b4acec0
Event: 14.938 Thread 0x0000026f5b4b1d80 Thread exited: 0x0000026f5b4b1d80
Event: 14.938 Thread 0x0000026f5b4b2410 Before exit entered


Dynamic libraries:
0x00007ff7e8130000 - 0x00007ff7e813e000 	C:\Users\Lenovo\.jdks\corretto-21.0.7\bin\java.exe
0x00007ffb634a0000 - 0x00007ffb63708000 	C:\WINDOWS\SYSTEM32\ntdll.dll
0x00007ffb62420000 - 0x00007ffb624e9000 	C:\WINDOWS\System32\KERNEL32.DLL
0x00007ffb60740000 - 0x00007ffb60b2d000 	C:\WINDOWS\System32\KERNELBASE.dll
0x00007ffb605f0000 - 0x00007ffb6073b000 	C:\WINDOWS\System32\ucrtbase.dll
0x00007ffb5c780000 - 0x00007ffb5c79b000 	C:\Users\Lenovo\.jdks\corretto-21.0.7\bin\VCRUNTIME140.dll
0x00007ffb5c7a0000 - 0x00007ffb5c7b8000 	C:\Users\Lenovo\.jdks\corretto-21.0.7\bin\jli.dll
0x00007ffb63060000 - 0x00007ffb6322c000 	C:\WINDOWS\System32\USER32.dll
0x00007ffb4c4a0000 - 0x00007ffb4c73a000 	C:\WINDOWS\WinSxS\amd64_microsoft.windows.common-controls_6595b64144ccf1df_6.0.26100.4484_none_3e0e6d4ce32ef3b3\COMCTL32.dll
0x00007ffb60be0000 - 0x00007ffb60c07000 	C:\WINDOWS\System32\win32u.dll
0x00007ffb61500000 - 0x00007ffb615a9000 	C:\WINDOWS\System32\msvcrt.dll
0x00007ffb61690000 - 0x00007ffb616bb000 	C:\WINDOWS\System32\GDI32.dll
0x00007ffb60e30000 - 0x00007ffb60f67000 	C:\WINDOWS\System32\gdi32full.dll
0x00007ffb60b30000 - 0x00007ffb60bd3000 	C:\WINDOWS\System32\msvcp_win.dll
0x00007ffb62540000 - 0x00007ffb6256f000 	C:\WINDOWS\System32\IMM32.DLL
0x00007ffb5c810000 - 0x00007ffb5c81c000 	C:\Users\Lenovo\.jdks\corretto-21.0.7\bin\vcruntime140_1.dll
0x00007ffb59050000 - 0x00007ffb590dd000 	C:\Users\Lenovo\.jdks\corretto-21.0.7\bin\msvcp140.dll
0x00007ffb04560000 - 0x00007ffb052ff000 	C:\Users\Lenovo\.jdks\corretto-21.0.7\bin\server\jvm.dll
0x00007ffb61340000 - 0x00007ffb613f4000 	C:\WINDOWS\System32\ADVAPI32.dll
0x00007ffb62df0000 - 0x00007ffb62e96000 	C:\WINDOWS\System32\sechost.dll
0x00007ffb62af0000 - 0x00007ffb62c08000 	C:\WINDOWS\System32\RPCRT4.dll
0x00007ffb62c10000 - 0x00007ffb62c84000 	C:\WINDOWS\System32\WS2_32.dll
0x00007ffb60440000 - 0x00007ffb6049e000 	C:\WINDOWS\SYSTEM32\POWRPROF.dll
0x00007ffb57930000 - 0x00007ffb57965000 	C:\WINDOWS\SYSTEM32\WINMM.dll
0x00007ffb583c0000 - 0x00007ffb583cb000 	C:\WINDOWS\SYSTEM32\VERSION.dll
0x00007ffb60420000 - 0x00007ffb60434000 	C:\WINDOWS\SYSTEM32\UMPDC.dll
0x00007ffb5f350000 - 0x00007ffb5f36b000 	C:\WINDOWS\SYSTEM32\kernel.appcore.dll
0x00007ffb5c770000 - 0x00007ffb5c77a000 	C:\Users\Lenovo\.jdks\corretto-21.0.7\bin\jimage.dll
0x00007ffb5df70000 - 0x00007ffb5e1b1000 	C:\WINDOWS\SYSTEM32\DBGHELP.DLL
0x00007ffb62580000 - 0x00007ffb62906000 	C:\WINDOWS\System32\combase.dll
0x00007ffb62c90000 - 0x00007ffb62d70000 	C:\WINDOWS\System32\OLEAUT32.dll
0x00007ffb4d5c0000 - 0x00007ffb4d603000 	C:\WINDOWS\SYSTEM32\dbgcore.DLL
0x00007ffb60c10000 - 0x00007ffb60ca9000 	C:\WINDOWS\System32\bcryptPrimitives.dll
0x00007ffb5c760000 - 0x00007ffb5c76e000 	C:\Users\Lenovo\.jdks\corretto-21.0.7\bin\instrument.dll
0x00007ffb5c6b0000 - 0x00007ffb5c6cf000 	C:\Users\Lenovo\.jdks\corretto-21.0.7\bin\java.dll
0x00007ffb616c0000 - 0x00007ffb61e0a000 	C:\WINDOWS\System32\SHELL32.dll
0x00007ffb60f70000 - 0x00007ffb610e4000 	C:\WINDOWS\System32\wintypes.dll
0x00007ffb5e1f0000 - 0x00007ffb5ea4b000 	C:\WINDOWS\SYSTEM32\windows.storage.dll
0x00007ffb61240000 - 0x00007ffb61335000 	C:\WINDOWS\System32\SHCORE.dll
0x00007ffb62d80000 - 0x00007ffb62dea000 	C:\WINDOWS\System32\shlwapi.dll
0x00007ffb60500000 - 0x00007ffb6052f000 	C:\WINDOWS\SYSTEM32\profapi.dll
0x00007ffb59030000 - 0x00007ffb59048000 	C:\Users\Lenovo\.jdks\corretto-21.0.7\bin\zip.dll
0x00007ffb5c750000 - 0x00007ffb5c760000 	C:\Users\Lenovo\.jdks\corretto-21.0.7\bin\net.dll
0x00007ffb59270000 - 0x00007ffb5938e000 	C:\WINDOWS\SYSTEM32\WINHTTP.dll
0x00007ffb5f8c0000 - 0x00007ffb5f92a000 	C:\WINDOWS\system32\mswsock.dll
0x00007ffb5c690000 - 0x00007ffb5c6a6000 	C:\Users\Lenovo\.jdks\corretto-21.0.7\bin\nio.dll
0x00007ffb5eee0000 - 0x00007ffb5f006000 	C:\WINDOWS\SYSTEM32\DNSAPI.dll
0x00007ffb5eea0000 - 0x00007ffb5eed3000 	C:\WINDOWS\SYSTEM32\IPHLPAPI.DLL
0x00007ffb622a0000 - 0x00007ffb622aa000 	C:\WINDOWS\System32\NSI.dll
0x00007ffb5c680000 - 0x00007ffb5c689000 	C:\Users\Lenovo\.jdks\corretto-21.0.7\bin\extnet.dll
0x00007ffb55040000 - 0x00007ffb5504b000 	C:\Windows\System32\rasadhlp.dll
0x00007ffb598a0000 - 0x00007ffb59926000 	C:\WINDOWS\System32\fwpuclnt.dll
0x00007ffb5c650000 - 0x00007ffb5c659000 	C:\Users\Lenovo\.jdks\corretto-21.0.7\bin\management.dll
0x00007ffb59020000 - 0x00007ffb5902b000 	C:\Users\Lenovo\.jdks\corretto-21.0.7\bin\management_ext.dll
0x00007ffb61620000 - 0x00007ffb61628000 	C:\WINDOWS\System32\PSAPI.DLL
0x00007ffb5fca0000 - 0x00007ffb5fcbb000 	C:\WINDOWS\SYSTEM32\CRYPTSP.dll
0x00007ffb5f2b0000 - 0x00007ffb5f2eb000 	C:\WINDOWS\system32\rsaenh.dll
0x00007ffb5f960000 - 0x00007ffb5f98b000 	C:\WINDOWS\SYSTEM32\USERENV.dll
0x00007ffb604d0000 - 0x00007ffb604f6000 	C:\WINDOWS\SYSTEM32\bcrypt.dll
0x00007ffb5fb00000 - 0x00007ffb5fb0c000 	C:\WINDOWS\SYSTEM32\CRYPTBASE.dll
0x00007ffaf20c0000 - 0x00007ffaf20d8000 	C:\WINDOWS\system32\napinsp.dll
0x00007ffaf0790000 - 0x00007ffaf07a2000 	C:\WINDOWS\System32\winrnr.dll
0x00007ffaf0750000 - 0x00007ffaf0780000 	C:\WINDOWS\system32\nlansp_c.dll
0x00007ffb32b30000 - 0x00007ffb32b50000 	C:\WINDOWS\system32\wshbth.dll
0x00007ffb442b0000 - 0x00007ffb442fe000 	C:\WINDOWS\SYSTEM32\pdh.dll
0x0000026f0fe00000 - 0x0000026f0fe03000 	C:\Users\Lenovo\.openjfx\cache\23.0.2+3\amd64\api-ms-win-core-console-l1-1-0.dll
0x0000026f0fe50000 - 0x0000026f0fe53000 	C:\Users\Lenovo\.openjfx\cache\23.0.2+3\amd64\api-ms-win-core-console-l1-2-0.dll
0x0000026f0fe60000 - 0x0000026f0fe63000 	C:\Users\Lenovo\.openjfx\cache\23.0.2+3\amd64\api-ms-win-core-datetime-l1-1-0.dll
0x0000026f0fe70000 - 0x0000026f0fe73000 	C:\Users\Lenovo\.openjfx\cache\23.0.2+3\amd64\api-ms-win-core-debug-l1-1-0.dll
0x0000026f0fe80000 - 0x0000026f0fe83000 	C:\Users\Lenovo\.openjfx\cache\23.0.2+3\amd64\api-ms-win-core-errorhandling-l1-1-0.dll
0x0000026f0fe90000 - 0x0000026f0fe94000 	C:\Users\Lenovo\.openjfx\cache\23.0.2+3\amd64\api-ms-win-core-file-l1-1-0.dll
0x0000026f0fea0000 - 0x0000026f0fea3000 	C:\Users\Lenovo\.openjfx\cache\23.0.2+3\amd64\api-ms-win-core-file-l1-2-0.dll
0x0000026f0feb0000 - 0x0000026f0feb3000 	C:\Users\Lenovo\.openjfx\cache\23.0.2+3\amd64\api-ms-win-core-file-l2-1-0.dll
0x0000026f0fec0000 - 0x0000026f0fec3000 	C:\Users\Lenovo\.openjfx\cache\23.0.2+3\amd64\api-ms-win-core-handle-l1-1-0.dll
0x0000026f0fed0000 - 0x0000026f0fed3000 	C:\Users\Lenovo\.openjfx\cache\23.0.2+3\amd64\api-ms-win-core-heap-l1-1-0.dll
0x0000026f0ffc0000 - 0x0000026f0ffc3000 	C:\Users\Lenovo\.openjfx\cache\23.0.2+3\amd64\api-ms-win-core-interlocked-l1-1-0.dll
0x0000026f0ff40000 - 0x0000026f0ff43000 	C:\Users\Lenovo\.openjfx\cache\23.0.2+3\amd64\api-ms-win-core-libraryloader-l1-1-0.dll
0x0000026f0fee0000 - 0x0000026f0fee3000 	C:\Users\Lenovo\.openjfx\cache\23.0.2+3\amd64\api-ms-win-core-localization-l1-2-0.dll
0x0000026f0fef0000 - 0x0000026f0fef3000 	C:\Users\Lenovo\.openjfx\cache\23.0.2+3\amd64\api-ms-win-core-memory-l1-1-0.dll
0x0000026f0ff20000 - 0x0000026f0ff23000 	C:\Users\Lenovo\.openjfx\cache\23.0.2+3\amd64\api-ms-win-core-namedpipe-l1-1-0.dll
0x0000026f0ff00000 - 0x0000026f0ff03000 	C:\Users\Lenovo\.openjfx\cache\23.0.2+3\amd64\api-ms-win-core-processenvironment-l1-1-0.dll
0x0000026f0ff30000 - 0x0000026f0ff33000 	C:\Users\Lenovo\.openjfx\cache\23.0.2+3\amd64\api-ms-win-core-processthreads-l1-1-0.dll
0x0000026f0ff10000 - 0x0000026f0ff13000 	C:\Users\Lenovo\.openjfx\cache\23.0.2+3\amd64\api-ms-win-core-processthreads-l1-1-1.dll
0x0000026f0ff50000 - 0x0000026f0ff53000 	C:\Users\Lenovo\.openjfx\cache\23.0.2+3\amd64\api-ms-win-core-profile-l1-1-0.dll
0x0000026f0ff60000 - 0x0000026f0ff63000 	C:\Users\Lenovo\.openjfx\cache\23.0.2+3\amd64\api-ms-win-core-rtlsupport-l1-1-0.dll
0x0000026f0ff70000 - 0x0000026f0ff73000 	C:\Users\Lenovo\.openjfx\cache\23.0.2+3\amd64\api-ms-win-core-string-l1-1-0.dll
0x0000026f0ff80000 - 0x0000026f0ff83000 	C:\Users\Lenovo\.openjfx\cache\23.0.2+3\amd64\api-ms-win-core-synch-l1-1-0.dll
0x0000026f0ff90000 - 0x0000026f0ff93000 	C:\Users\Lenovo\.openjfx\cache\23.0.2+3\amd64\api-ms-win-core-synch-l1-2-0.dll
0x0000026f0ffa0000 - 0x0000026f0ffa3000 	C:\Users\Lenovo\.openjfx\cache\23.0.2+3\amd64\api-ms-win-core-sysinfo-l1-1-0.dll
0x0000026f0ffb0000 - 0x0000026f0ffb3000 	C:\Users\Lenovo\.openjfx\cache\23.0.2+3\amd64\api-ms-win-core-timezone-l1-1-0.dll
0x0000026f0ffd0000 - 0x0000026f0ffd3000 	C:\Users\Lenovo\.openjfx\cache\23.0.2+3\amd64\api-ms-win-core-util-l1-1-0.dll
0x0000026f55b40000 - 0x0000026f55b43000 	C:\Users\Lenovo\.openjfx\cache\23.0.2+3\amd64\api-ms-win-crt-conio-l1-1-0.dll
0x0000026f55b50000 - 0x0000026f55b54000 	C:\Users\Lenovo\.openjfx\cache\23.0.2+3\amd64\api-ms-win-crt-convert-l1-1-0.dll
0x0000026f0ffe0000 - 0x0000026f0ffe3000 	C:\Users\Lenovo\.openjfx\cache\23.0.2+3\amd64\api-ms-win-crt-environment-l1-1-0.dll
0x0000026f0fff0000 - 0x0000026f0fff3000 	C:\Users\Lenovo\.openjfx\cache\23.0.2+3\amd64\api-ms-win-crt-filesystem-l1-1-0.dll
0x0000026f55bb0000 - 0x0000026f55bb3000 	C:\Users\Lenovo\.openjfx\cache\23.0.2+3\amd64\api-ms-win-crt-heap-l1-1-0.dll
0x0000026f55b60000 - 0x0000026f55b63000 	C:\Users\Lenovo\.openjfx\cache\23.0.2+3\amd64\api-ms-win-crt-locale-l1-1-0.dll
0x0000026f55b70000 - 0x0000026f55b75000 	C:\Users\Lenovo\.openjfx\cache\23.0.2+3\amd64\api-ms-win-crt-math-l1-1-0.dll
0x0000026f55b80000 - 0x0000026f55b85000 	C:\Users\Lenovo\.openjfx\cache\23.0.2+3\amd64\api-ms-win-crt-multibyte-l1-1-0.dll
0x0000026f55bc0000 - 0x0000026f55bd0000 	C:\Users\Lenovo\.openjfx\cache\23.0.2+3\amd64\api-ms-win-crt-private-l1-1-0.dll
0x0000026f55b90000 - 0x0000026f55b93000 	C:\Users\Lenovo\.openjfx\cache\23.0.2+3\amd64\api-ms-win-crt-process-l1-1-0.dll
0x0000026f55bd0000 - 0x0000026f55bd4000 	C:\Users\Lenovo\.openjfx\cache\23.0.2+3\amd64\api-ms-win-crt-runtime-l1-1-0.dll
0x0000026f55ba0000 - 0x0000026f55ba4000 	C:\Users\Lenovo\.openjfx\cache\23.0.2+3\amd64\api-ms-win-crt-stdio-l1-1-0.dll
0x0000026f55be0000 - 0x0000026f55be4000 	C:\Users\Lenovo\.openjfx\cache\23.0.2+3\amd64\api-ms-win-crt-string-l1-1-0.dll
0x0000026f55dc0000 - 0x0000026f55dc3000 	C:\Users\Lenovo\.openjfx\cache\23.0.2+3\amd64\api-ms-win-crt-time-l1-1-0.dll
0x0000026f55c00000 - 0x0000026f55c03000 	C:\Users\Lenovo\.openjfx\cache\23.0.2+3\amd64\api-ms-win-crt-utility-l1-1-0.dll
0x00007ffb39180000 - 0x00007ffb3927c000 	C:\Users\Lenovo\.openjfx\cache\23.0.2+3\amd64\ucrtbase.dll
0x00007ffb57e30000 - 0x00007ffb57e4b000 	C:\Users\Lenovo\.openjfx\cache\23.0.2+3\amd64\vcruntime140.dll
0x00007ffb58f70000 - 0x00007ffb58f7c000 	C:\Users\Lenovo\.openjfx\cache\23.0.2+3\amd64\vcruntime140_1.dll
0x00007ffb42fa0000 - 0x00007ffb4302e000 	C:\Users\Lenovo\.openjfx\cache\23.0.2+3\amd64\msvcp140.dll
0x00007ffb58030000 - 0x00007ffb58039000 	C:\Users\Lenovo\.openjfx\cache\23.0.2+3\amd64\msvcp140_1.dll
0x00007ffb4b790000 - 0x00007ffb4b7d1000 	C:\Users\Lenovo\.openjfx\cache\23.0.2+3\amd64\msvcp140_2.dll
0x00007ffb49750000 - 0x00007ffb49780000 	C:\Users\Lenovo\.openjfx\cache\23.0.2+3\amd64\prism_d3d.dll
0x00007ffb49c10000 - 0x00007ffb49dca000 	C:\WINDOWS\system32\d3d9.dll
0x00007ffb5d740000 - 0x00007ffb5d776000 	C:\WINDOWS\SYSTEM32\dwmapi.dll
0x00007ffb5d7b0000 - 0x00007ffb5d7fd000 	C:\WINDOWS\SYSTEM32\dxcore.dll
0x00007ffb5d2a0000 - 0x00007ffb5d34f000 	C:\WINDOWS\system32\uxtheme.dll
0x00007ffb632b0000 - 0x00007ffb6344e000 	C:\WINDOWS\System32\ole32.dll
0x00007ffb5d570000 - 0x00007ffb5d5d4000 	C:\WINDOWS\SYSTEM32\directxdatabasehelper.dll
0x00007ffb41e90000 - 0x00007ffb41ed5000 	C:\Users\Lenovo\.openjfx\cache\23.0.2+3\amd64\glass.dll
0x00007ffb61400000 - 0x00007ffb614f8000 	C:\WINDOWS\System32\COMDLG32.dll
0x00007ffb622b0000 - 0x00007ffb62410000 	C:\WINDOWS\System32\MSCTF.dll
0x00007ffb62fb0000 - 0x00007ffb63058000 	C:\WINDOWS\System32\clbcatq.dll
0x00007ffb56fd0000 - 0x00007ffb57129000 	C:\Windows\System32\Windows.UI.dll
0x00007ffb53840000 - 0x00007ffb5398c000 	C:\Windows\System32\Windows.UI.Immersive.dll
0x00007ffb58850000 - 0x00007ffb58862000 	C:\WINDOWS\System32\perfproc.dll
0x00007ffb3a3e0000 - 0x00007ffb3a3f1000 	C:\WINDOWS\System32\perfos.dll
0x00007ffb5ea70000 - 0x00007ffb5ea82000 	C:\WINDOWS\SYSTEM32\pfclient.dll

dbghelp: loaded successfully - version: 4.0.5 - missing functions: none
symbol engine: initialized successfully - sym options: 0x614 - pdb path: .;C:\Users\Lenovo\.jdks\corretto-21.0.7\bin;C:\WINDOWS\SYSTEM32;C:\WINDOWS\WinSxS\amd64_microsoft.windows.common-controls_6595b64144ccf1df_6.0.26100.4484_none_3e0e6d4ce32ef3b3;C:\Users\Lenovo\.jdks\corretto-21.0.7\bin\server;C:\Users\Lenovo\.openjfx\cache\23.0.2+3\amd64;C:\WINDOWS\System32\DriverStore\FileRepository\u0414467.inf_amd64_0f1909b959a79d36\B414156;C:\Program Files\Common Files\Microsoft Shared\Ink

VM Arguments:
jvm_args: -XX:TieredStopAtLevel=1 -Dspring.output.ansi.enabled=always -Dcom.sun.management.jmxremote -Dspring.jmx.enabled=true -Dspring.liveBeansView.mbeanDomain -Dspring.application.admin.enabled=true -Dmanagement.endpoints.jmx.exposure.include=* -javaagent:C:\Program Files\JetBrains\IntelliJ IDEA 2024.3.5\lib\idea_rt.jar=52821 -Dfile.encoding=UTF-8 -Dsun.stdout.encoding=UTF-8 -Dsun.stderr.encoding=UTF-8 
java_command: cash_flow.Main
java_class_path (initial): C:\Users\Lenovo\IdeaProjects\Class-cash-flow-tracker\target\classes;C:\Users\Lenovo\.m2\repository\org\springframework\boot\spring-boot-starter\3.5.0\spring-boot-starter-3.5.0.jar;C:\Users\Lenovo\.m2\repository\org\springframework\boot\spring-boot-autoconfigure\3.5.0\spring-boot-autoconfigure-3.5.0.jar;C:\Users\Lenovo\.m2\repository\org\springframework\boot\spring-boot-starter-logging\3.5.0\spring-boot-starter-logging-3.5.0.jar;C:\Users\Lenovo\.m2\repository\ch\qos\logback\logback-classic\1.5.18\logback-classic-1.5.18.jar;C:\Users\Lenovo\.m2\repository\ch\qos\logback\logback-core\1.5.18\logback-core-1.5.18.jar;C:\Users\Lenovo\.m2\repository\org\apache\logging\log4j\log4j-to-slf4j\2.24.3\log4j-to-slf4j-2.24.3.jar;C:\Users\Lenovo\.m2\repository\org\apache\logging\log4j\log4j-api\2.24.3\log4j-api-2.24.3.jar;C:\Users\Lenovo\.m2\repository\org\slf4j\jul-to-slf4j\2.0.17\jul-to-slf4j-2.0.17.jar;C:\Users\Lenovo\.m2\repository\jakarta\annotation\jakarta.annotation-api\2.1.1\jakarta.annotation-api-2.1.1.jar;C:\Users\Lenovo\.m2\repository\org\springframework\spring-core\6.2.7\spring-core-6.2.7.jar;C:\Users\Lenovo\.m2\repository\org\springframework\spring-jcl\6.2.7\spring-jcl-6.2.7.jar;C:\Users\Lenovo\.m2\repository\org\yaml\snakeyaml\2.4\snakeyaml-2.4.jar;C:\Users\Lenovo\.m2\repository\org\springframework\boot\spring-boot\3.5.0\spring-boot-3.5.0.jar;C:\Users\Lenovo\.m2\repository\org\springframework\spring-context\6.2.7\spring-context-6.2.7.jar;C:\Users\Lenovo\.m2\repository\org\springframework\spring-aop\6.2.7\spring-aop-6.2.7.jar;C:\Users\Lenovo\.m2\repository\org\springframework\spring-beans\6.2.7\spring-beans-6.2.7.jar;C:\Users\Lenovo\.m2\repository\org\springframework\spring-expression\6.2.7\spring-expression-6.2.7.jar;C:\Users\Lenovo\.m2\repository\io\micrometer\micrometer-observation\1.14.7\micrometer-observation-1.14.7.jar;C:\Users\Lenovo\.m2\repository\io\micrometer\micrometer-commons\1.14.7\micrometer-commons-1.14.7.jar;C:\Users\Lenovo\.m2\repository\org\springframework\boot\spring-boot-starter-web\3.5.0\spring-boot-starter-web-3.5.0.jar;C:\Users\Lenovo\.m2\repository\org\springframework\boot\spring-boot-starter-json\3.5.0\spring-boot-starter-json-3.5.0.jar;C:\Users\Lenovo\.m2\repository\com\fasterxml\jackson\datatype\jackson-datatype-jdk8\2.19.0\jackson-datatype-jdk8-2.19.0.jar;C:\Users\Lenovo\.m2\repository\com\fasterxml\jackson\datatype\jackson-datatype-jsr310\2.19.0\jackson-datatype-jsr310-2.19.0.jar;C:\Users\Lenovo\.m2\repository\com\fasterxml\jackson\module\jackson-module-parameter-names\2.19.0\jackson-module-parameter-names-2.19.0.jar;C:\Users\Lenovo\.m2\repository\org\springframework\boot\spring-boot-starter-tomcat\3.5.0\spring-boot-starter-tomcat-3.5.0.jar;C:\Users\Lenovo\.m2\repository\org\apache\tomcat\embed\tomcat-embed-core\10.1.41\tomcat-embed-core-10.1.41.jar;C:\Users\Lenovo\.m2\repository\org\apache\tomcat\embed\tomcat-embed-websocket\10.1.41\tomcat-embed-websocket-10.1.41.jar;C:\Users\Lenovo\.m2\repository\org\springframework\spring-web\6.2.7\spring-web-6.2.7.jar;C:\Users\Lenovo\.m2\repository\org\springframework\spring-webmvc\6.2.7\spring-webmvc-6.2.7.jar;C:\Users\Lenovo\.m2\repository\org\slf4j\slf4j-api\2.0.11\slf4j-api-2.0.11.jar;C:\Users\Lenovo\.m2\repository\jakarta\xml\bind\jakarta.xml.bind-api\4.0.2\jakarta.xml.bind-api-4.0.2.jar;C:\Users\Lenovo\.m2\repository\jakarta\activation\jakarta.activation-api\2.1.3\jakarta.activation-api-2.1.3.jar;C:\Users\Lenovo\.m2\repository\org\springframework\boot\spring-boot-starter-data-jpa\3.5.0\spring-boot-starter-data-jpa-3.5.0.jar;C:\Users\Lenovo\.m2\repository\org\springframework\boot\spring-boot-starter-jdbc\3.5.0\spring-boot-starter-jdbc-3.5.0.jar;C:\Users\Lenovo\.m2\repository\com\zaxxer\HikariCP\6.3.0\HikariCP-6.3.0.jar;C:\Users\Lenovo\.m2\repository\org\springframework\spring-jdbc\6.2.7\spring-jdbc-6.2.7.jar;C:\Users\Lenovo\.m2\repository\org\hibernate\orm\hibernate-core\6.6.15.Final\hibernate-core-6.6.15.Final.jar;C:\Users\Lenovo\.m2\repository\jakarta\persistence\jakarta.persistence-api\3.1.0\jakarta.persistence-api-3.1.0.jar;C:\Users\Lenovo\.m2\repository\jakarta\transaction\jakarta.transaction-api\2.0.1\jakarta.transaction-api-2.0.1.jar;C:\Users\Lenovo\.m2\repository\org\jboss\logging\jboss-logging\3.5.0.Final\jboss-logging-3.5.0.Final.jar;C:\Users\Lenovo\.m2\repository\org\hibernate\common\hibernate-commons-annotations\7.0.3.Final\hibernate-commons-annotations-7.0.3.Final.jar;C:\Users\Lenovo\.m2\repository\io\smallrye\jandex\3.2.0\jandex-3.2.0.jar;C:\Users\Lenovo\.m2\repository\com\fasterxml\classmate\1.5.1\classmate-1.5.1.jar;C:\Users\Lenovo\.m2\repository\org\glassfish\jaxb\jaxb-runtime\4.0.2\jaxb-runtime-4.0.2.jar;C:\Users\Lenovo\.m2\repository\org\glassfish\jaxb\jaxb-core\4.0.2\jaxb-core-4.0.2.jar;C:\Users\Lenovo\.m2\repository\org\eclipse\angus\angus-activation\2.0.0\angus-activation-2.0.0.jar;C:\Users\Lenovo\.m2\repository\org\glassfish\jaxb\txw2\4.0.2\txw2-4.0.2.jar;C:\Users\Lenovo\.m2\repository\com\sun\istack\istack-commons-runtime\4.1.1\istack-commons-runtime-4.1.1.jar;C:\Users\Lenovo\.m2\repository\jakarta\inject\jakarta.inject-api\2.0.1\jakarta.inject-api-2.0.1.jar;C:\Users\Lenovo\.m2\repository\org\antlr\antlr4-runtime\4.13.0\antlr4-runtime-4.13.0.jar;C:\Users\Lenovo\.m2\repository\org\springframework\data\spring-data-jpa\3.5.0\spring-data-jpa-3.5.0.jar;C:\Users\Lenovo\.m2\repository\org\springframework\data\spring-data-commons\3.5.0\spring-data-commons-3.5.0.jar;C:\Users\Lenovo\.m2\repository\org\springframework\spring-orm\6.2.7\spring-orm-6.2.7.jar;C:\Users\Lenovo\.m2\repository\org\springframework\spring-tx\6.2.7\spring-tx-6.2.7.jar;C:\Users\Lenovo\.m2\repository\org\springframework\spring-aspects\6.2.7\spring-aspects-6.2.7.jar;C:\Users\Lenovo\.m2\repository\org\aspectj\aspectjweaver\1.9.22.1\aspectjweaver-1.9.22.1.jar;C:\Users\Lenovo\.m2\repository\org\springframework\boot\spring-boot-starter-validation\3.5.0\spring-boot-starter-validation-3.5.0.jar;C:\Users\Lenovo\.m2\repository\org\apache\tomcat\embed\tomcat-embed-el\10.1.41\tomcat-embed-el-10.1.41.jar;C:\Users\Lenovo\.m2\repository\org\hibernate\validator\hibernate-validator\8.0.2.Final\hibernate-validator-8.0.2.Final.jar;C:\Users\Lenovo\.m2\repository\jakarta\validation\jakarta.validation-api\3.0.2\jakarta.validation-api-3.0.2.jar;C:\Users\Lenovo\.m2\repository\org\openjfx\javafx-controls\23.0.2\javafx-controls-23.0.2.jar;C:\Users\Lenovo\.m2\repository\org\openjfx\javafx-controls\23.0.2\javafx-controls-23.0.2-win.jar;C:\Users\Lenovo\.m2\repository\org\openjfx\javafx-graphics\23.0.2\javafx-graphics-23.0.2.jar;C:\Users\Lenovo\.m2\repository\org\openjfx\javafx-graphics\23.0.2\javafx-graphics-23.0.2-win.jar;C:\Users\Lenovo\.m2\repository\org\openjfx\javafx-base\23.0.2\javafx-base-23.0.2.jar;C:\Users\Lenovo\.m2\repository\org\openjfx\javafx-base\23.0.2\javafx-base-23.0.2-win.jar;C:\Users\Lenovo\.m2\repository\org\openjfx\javafx-fxml\23.0.2\javafx-fxml-23.0.2.jar;C:\Users\Lenovo\.m2\repository\org\openjfx\javafx-fxml\23.0.2\javafx-fxml-23.0.2-win.jar;C:\Users\Lenovo\.m2\repository\net\bytebuddy\byte-buddy\1.17.5\byte-buddy-1.17.5.jar;C:\Users\Lenovo\.m2\repository\org\projectlombok\lombok\1.18.38\lombok-1.18.38.jar;C:\Users\Lenovo\.m2\repository\org\modelmapper\modelmapper\3.2.3\modelmapper-3.2.3.jar;C:\Users\Lenovo\.m2\repository\org\flywaydb\flyway-core\11.9.1\flyway-core-11.9.1.jar;C:\Users\Lenovo\.m2\repository\com\fasterxml\jackson\core\jackson-databind\2.15.2\jackson-databind-2.15.2.jar;C:\Users\Lenovo\.m2\repository\com\fasterxml\jackson\core\jackson-annotations\2.15.2\jackson-annotations-2.15.2.jar;C:\Users\Lenovo\.m2\repository\com\fasterxml\jackson\core\jackson-core\2.15.2\jackson-core-2.15.2.jar;C:\Users\Lenovo\.m2\repository\com\h2database\h2\2.3.232\h2-2.3.232.jar
Launcher Type: SUN_STANDARD

[Global flags]
     intx CICompilerCount                          = 4                                         {product} {ergonomic}
     uint ConcGCThreads                            = 3                                         {product} {ergonomic}
     uint G1ConcRefinementThreads                  = 10                                        {product} {ergonomic}
   size_t G1HeapRegionSize                         = 2097152                                   {product} {ergonomic}
    uintx GCDrainStackTargetSize                   = 64                                        {product} {ergonomic}
   size_t InitialHeapSize                          = 249561088                                 {product} {ergonomic}
     bool ManagementServer                         = true                                      {product} {command line}
   size_t MarkStackSize                            = 4194304                                   {product} {ergonomic}
   size_t MaxHeapSize                              = 3980394496                                {product} {ergonomic}
   size_t MaxNewSize                               = 2386558976                                {product} {ergonomic}
   size_t MinHeapDeltaBytes                        = 2097152                                   {product} {ergonomic}
   size_t MinHeapSize                              = 8388608                                   {product} {ergonomic}
    uintx NonNMethodCodeHeapSize                   = 4096                                   {pd product} {ergonomic}
    uintx NonProfiledCodeHeapSize                  = 0                                      {pd product} {ergonomic}
     bool ProfileInterpreter                       = false                                  {pd product} {command line}
    uintx ProfiledCodeHeapSize                     = 0                                      {pd product} {ergonomic}
   size_t SoftMaxHeapSize                          = 3980394496                             {manageable} {ergonomic}
     intx TieredStopAtLevel                        = 1                                         {product} {command line}
     bool UseCompressedOops                        = true                           {product lp64_product} {ergonomic}
     bool UseG1GC                                  = true                                      {product} {ergonomic}
     bool UseLargePagesIndividualAllocation        = false                                  {pd product} {ergonomic}

Logging:
Log output configuration:
 #0: stdout all=off uptime,level,tags foldmultilines=false
 #1: stderr all=off uptime,level,tags foldmultilines=false

Environment Variables:
JAVA_HOME=C:\Program Files\Java\Java 21
PATH=C:\Program Files (x86)\NVIDIA Corporation\PhysX\Common;C:\Program Files\Common Files\Oracle\Java\javapath;C:\WINDOWS\system32;C:\WINDOWS;C:\WINDOWS\System32\Wbem;C:\WINDOWS\System32\WindowsPowerShell\v1.0\;C:\WINDOWS\System32\OpenSSH\;C:\Program Files\Intel\WiFi\bin\;C:\Program Files\Common Files\Intel\WirelessCommon\;C:\Program Files\dotnet\;C:\Program Files\Git\cmd;C:\Program Files\Java\Java 21\bin;C:\Program Files\Java\Mave 3.9.9\bin;C:\Users\Lenovo\Desktop\;C:\Program Files (x86)\Common Files\Red Gate;;C:\Program Files\Docker\Docker\resources\bin;C:\Users\Lenovo\AppData\Local\Microsoft\WindowsApps;
USERNAME=Lenovo
OS=Windows_NT
PROCESSOR_IDENTIFIER=AMD64 Family 25 Model 80 Stepping 0, AuthenticAMD
TMP=C:\Users\Lenovo\AppData\Local\Temp
TEMP=C:\Users\Lenovo\AppData\Local\Temp




Periodic native trim disabled

---------------  S Y S T E M  ---------------

OS:
 Windows 11 , 64 bit Build 26100 (10.0.26100.4484)
OS uptime: 0 days 4:46 hours
Hyper-V role detected

CPU: total 12 (initial active 12) (12 cores per cpu, 2 threads per core) family 25 model 80 stepping 0 microcode 0xa500014, cx8, cmov, fxsr, ht, mmx, 3dnowpref, sse, sse2, sse3, ssse3, sse4a, sse4.1, sse4.2, popcnt, lzcnt, tsc, tscinvbit, avx, avx2, aes, erms, clmul, bmi1, bmi2, adx, sha, fma, vzeroupper, clflush, clflushopt, hv, rdtscp, rdpid, fsrm, f16c, cet_ss
Processor Information for the first 12 processors :
  Max Mhz: 2301, Current Mhz: 2301, Mhz Limit: 2301

Memory: 4k page, system-wide physical 15182M (2905M free)
TotalPageFile size 21838M (AvailPageFile size 5503M)
current process WorkingSet (physical memory assigned to process): 318M, peak: 323M
current process commit charge ("private bytes"): 378M, peak: 399M

vm_info: OpenJDK 64-Bit Server VM (21.0.7+6-LTS) for windows-amd64 JRE (21.0.7+6-LTS), built on 2025-04-14T16:08:54Z by "Administrator" with MS VC++ 16.10 / 16.11 (VS2019)

END.
